<html>
<body>
<pre>
<h1>�Vision Build Log</h1>
<h2>Tool Versions:</h2>
IDE-Version: ��Vision V5.38.0.0
Copyright (C) 2022 ARM Ltd and ARM Germany GmbH. All rights reserved.
License Information: SHR sky, HUST, LIC=585FJ-U8N75-63BMB-20N43-LB2KB-H1EEJ
 
Tool Versions:
Toolchain:       MDK-ARM Plus  Version: 5.38.0.0
Toolchain Path:  F:\keil\core\ARM\ARMCC\Bin
C Compiler:      Armcc.exe V5.06 update 7 (build 960)
Assembler:       Armasm.exe V5.06 update 7 (build 960)
Linker/Locator:  ArmLink.exe V5.06 update 7 (build 960)
Library Manager: ArmAr.exe V5.06 update 7 (build 960)
Hex Converter:   FromElf.exe V5.06 update 7 (build 960)
CPU DLL:         SARMCM3.DLL V5.38.0.0
Dialog DLL:      DCM.DLL V1.17.5.0
Target DLL:      STLink\ST-LINKIII-KEIL_SWO.dll V3.1.0.0
Dialog DLL:      TCM.DLL V1.56.4.0
 
<h2>Project:</h2>
F:\Open_Repository\2023-H\H\Project\RVMDK\TemplateF407.uvprojx
Project File Date:  07/13/2024

<h2>Output:</h2>
*** Using Compiler 'V5.06 update 7 (build 960)', folder: 'F:\keil\core\ARM\ARMCC\Bin'
Rebuild target 'Control'
assembling startup_stm32f40xx.s...
compiling misc.c...
compiling stm32f4xx_dcmi.c...
compiling stm32f4xx_cryp_tdes.c...
compiling stm32f4xx_dfsdm.c...
compiling stm32f4xx_cryp.c...
compiling stm32f4xx_dbgmcu.c...
compiling stm32f4xx_cryp_des.c...
compiling stm32f4xx_crc.c...
compiling stm32f4xx_adc.c...
compiling stm32f4xx_cec.c...
compiling stm32f4xx_can.c...
compiling stm32f4xx_dac.c...
compiling stm32f4xx_cryp_aes.c...
compiling stm32f4xx_dsi.c...
compiling stm32f4xx_dma.c...
compiling stm32f4xx_exti.c...
compiling stm32f4xx_flash.c...
compiling stm32f4xx_flash_ramfunc.c...
compiling stm32f4xx_fmpi2c.c...
compiling stm32f4xx_hash.c...
compiling stm32f4xx_gpio.c...
compiling stm32f4xx_iwdg.c...
compiling stm32f4xx_hash_md5.c...
compiling stm32f4xx_hash_sha1.c...
compiling stm32f4xx_i2c.c...
compiling stm32f4xx_fsmc.c...
compiling stm32f4xx_lptim.c...
compiling stm32f4xx_pwr.c...
compiling stm32f4xx_qspi.c...
compiling stm32f4xx_rng.c...
compiling stm32f4xx_rcc.c...
compiling stm32f4xx_sai.c...
compiling stm32f4xx_spdifrx.c...
compiling stm32f4xx_syscfg.c...
compiling stm32f4xx_spi.c...
compiling stm32f4xx_wwdg.c...
compiling stm32f4xx_rtc.c...
compiling stm32f4xx_sdio.c...
compiling stm32f4xx_usart.c...
compiling system_stm32f4xx.c...
compiling stm32f4xx_tim.c...
assembling cr4_fft_64_stm32.s...
assembling cr4_fft_256_stm32.s...
assembling cr4_fft_1024_stm32.s...
compiling Serial.c...
compiling TIM.c...
compiling DAC.c...
compiling stm32f4xx_it.c...
compiling ADCDMA.c...
compiling main.c...
..\..\User\main.c(270): warning:  #177-D: variable "i"  was declared but never referenced
      unsigned char i = 0;
..\..\User\main.c(322): warning:  #1035-D: single-precision operand implicitly converted to double-precision
      index = temp_float + 0.5;            // 进行四舍五入取整
..\..\User\main.c(327): warning:  #1035-D: single-precision operand implicitly converted to double-precision
      harmo3_index = temp_float + 0.5;     // 进行四舍五入取整
..\..\User\main.c(340): warning:  #1035-D: single-precision operand implicitly converted to double-precision
      index = temp_float + 0.5;            // 进行四舍五入取整
..\..\User\main.c(345): warning:  #1035-D: single-precision operand implicitly converted to double-precision
      harmo3_index = temp_float + 0.5;     // 进行四舍五入取整
..\..\User\main.c(369): warning:  #1035-D: single-precision operand implicitly converted to double-precision
          index = temp_float + 0.5;            // 进行四舍五入取整
..\..\User\main.c(374): warning:  #1035-D: single-precision operand implicitly converted to double-precision
          harmo5_index = temp_float + 0.5;     // 进行四舍五入取整
..\..\User\main.c: 7 warnings, 0 errors
linking...
Program Size: Code=15872 RO-data=584 RW-data=23744 ZI-data=26576  
FromELF: creating hex file...
".\Objects\TemplateF407.axf" - 0 Error(s), 7 Warning(s).

<h2>Software Packages used:</h2>

Package Vendor: Keil
                https://www.keil.com/pack/Keil.STM32F4xx_DFP.2.17.1.pack
                Keil.STM32F4xx_DFP.2.17.1
                STMicroelectronics STM32F4 Series Device Support, Drivers and Examples

<h2>Collection of Component include folders:</h2>
  F:/keil/Pack/Keil/STM32F4xx_DFP/2.17.1/Drivers/CMSIS/Device/ST/STM32F4xx/Include

<h2>Collection of Component Files used:</h2>
Build Time Elapsed:  00:00:02
</pre>
</body>
</html>
